[36mvite v7.3.1 [32mbuilding ssr environment for production...[36m[39m
transforming...
[32mΓ£ô[39m 3783 modules transformed.
rendering chunks...
[36mvite v7.3.1 [32mbuilding client environment for production...[36m[39m
transforming...
[32mΓ£ô[39m 3795 modules transformed.
rendering chunks...
computing gzip size...
[2m.svelte-kit/output/client/[22m[32m_app/version.json                                                        [39m[1m[2m 0.03 kB[22m[1m[22m[2m Γöé gzip:  0.05 kB[22m
[2m.svelte-kit/output/client/[22m[32m_app/immutable/assets/montserrat-vietnamese-500-normal.DpeZlV_K.woff     [39m[1m[2m 7.25 kB[22m[1m[22m
[2m.svelte-kit/output/client/[22m[32m_app/immutable/assets/montserrat-vietnamese-400-normal.BeEscFYY.woff     [39m[1m[2m 7.27 kB[22m[1m[22m
[2m.svelte-kit/output/client/[22m[32m_app/immutable/assets/montserrat-vietnamese-600-normal.SJ-HTWuM.woff     [39m[1m[2m 7.30 kB[22m[1m[22m
[2m.svelte-kit/output/client/[22m[32m_app/immutable/assets/montserrat-vietnamese-700-normal.DnwGT2D9.woff     [39m[1m[2m 7.30 kB[22m[1m[22m
[2m.svelte-kit/output/client/[22m[32m_app/immutable/assets/montserrat-vietnamese-500-normal.NT-t8RG1.woff2    [39m[1m[2m 7.87 kB[22m[1m[22m
[2m.svelte-kit/output/client/[22m[32m_app/immutable/assets/montserrat-vietnamese-400-normal.D4oHqQTd.woff2    [39m[1m[2m 7.90 kB[22m[1m[22m
[2m.svelte-kit/output/client/[22m[32m_app/immutable/assets/montserrat-vietnamese-600-normal.DKe6qT_E.woff2    [39m[1m[2m 7.90 kB[22m[1m[22m
[2m.svelte-kit/output/client/[22m[32m_app/immutable/assets/montserrat-vietnamese-700-normal.C0x1De3p.woff2    [39m[1m[2m 7.90 kB[22m[1m[22m
[2m.svelte-kit/output/client/[22m[32m_app/immutable/assets/montserrat-cyrillic-400-normal.jEs4Tk-Z.woff       [39m[1m[2m10.91 kB[22m[1m[22m
[2m.svelte-kit/output/client/[22m[32m_app/immutable/assets/montserrat-cyrillic-700-normal.BvLYcGP1.woff       [39m[1m[2m10.93 kB[22m[1m[22m
[2m.svelte-kit/output/client/[22m[32m_app/immutable/assets/montserrat-cyrillic-600-normal.DUglwBrH.woff       [39m[1m[2m10.98 kB[22m[1m[22m
[2m.svelte-kit/output/client/[22m[32m_app/immutable/assets/montserrat-cyrillic-400-normal.BPq32Q8K.woff2      [39m[1m[2m10.98 kB[22m[1m[22m
[2m.svelte-kit/output/client/[22m[32m_app/immutable/assets/montserrat-cyrillic-500-normal.CyGtXmN9.woff       [39m[1m[2m10.99 kB[22m[1m[22m
[2m.svelte-kit/output/client/[22m[32m_app/immutable/assets/montserrat-cyrillic-600-normal.CQEPC0hM.woff2      [39m[1m[2m11.12 kB[22m[1m[22m
[2m.svelte-kit/output/client/[22m[32m_app/immutable/assets/montserrat-cyrillic-500-normal.T0SG181k.woff2      [39m[1m[2m11.13 kB[22m[1m[22m
[2m.svelte-kit/output/client/[22m[32m_app/immutable/assets/montserrat-cyrillic-700-normal.D-Pqjtdp.woff2      [39m[1m[2m11.16 kB[22m[1m[22m
[2m.svelte-kit/output/client/[22m[32m_app/immutable/assets/montserrat-cyrillic-ext-400-normal.Xqov12YL.woff2  [39m[1m[2m11.94 kB[22m[1m[22m
[2m.svelte-kit/output/client/[22m[32m_app/immutable/assets/montserrat-cyrillic-ext-500-normal.11xBT7e1.woff2  [39m[1m[2m11.96 kB[22m[1m[22m
[2m.svelte-kit/output/client/[22m[32m_app/immutable/assets/montserrat-cyrillic-ext-500-normal.DOzfAZ45.woff   [39m[1m[2m12.06 kB[22m[1m[22m
[2m.svelte-kit/output/client/[22m[32m_app/immutable/assets/montserrat-cyrillic-ext-600-normal.BtBW-rpm.woff2  [39m[1m[2m12.06 kB[22m[1m[22m
[2m.svelte-kit/output/client/[22m[32m_app/immutable/assets/montserrat-cyrillic-ext-700-normal.MyDreaeu.woff2  [39m[1m[2m12.06 kB[22m[1m[22m
[2m.svelte-kit/output/client/[22m[32m_app/immutable/assets/montserrat-cyrillic-ext-700-normal.D-Mk2xRJ.woff   [39m[1m[2m12.08 kB[22m[1m[22m
[2m.svelte-kit/output/client/[22m[32m_app/immutable/assets/montserrat-cyrillic-ext-600-normal.wReYPmz2.woff   [39m[1m[2m12.08 kB[22m[1m[22m
[2m.svelte-kit/output/client/[22m[32m_app/immutable/assets/montserrat-cyrillic-ext-400-normal.DRPPeomZ.woff   [39m[1m[2m12.09 kB[22m[1m[22m
[2m.svelte-kit/output/client/[22m[32m.vite/manifest.json                                                      [39m[1m[2m17.03 kB[22m[1m[22m[2m Γöé gzip:  1.63 kB[22m
[2m.svelte-kit/output/client/[22m[32m_app/immutable/assets/montserrat-latin-600-normal.UVxSCcoG.woff2         [39m[1m[2m18.69 kB[22m[1m[22m
[2m.svelte-kit/output/client/[22m[32m_app/immutable/assets/montserrat-latin-500-normal.DRFEGfly.woff2         [39m[1m[2m18.75 kB[22m[1m[22m
[2m.svelte-kit/output/client/[22m[32m_app/immutable/assets/montserrat-latin-400-normal.BLhwKU8k.woff2         [39m[1m[2m18.78 kB[22m[1m[22m
[2m.svelte-kit/output/client/[22m[32m_app/immutable/assets/montserrat-latin-700-normal.BdjcYUrC.woff2         [39m[1m[2m18.82 kB[22m[1m[22m
[2m.svelte-kit/output/client/[22m[32m_app/immutable/assets/montserrat-latin-600-normal.CdhFl4lI.woff          [39m[1m[2m20.55 kB[22m[1m[22m
[2m.svelte-kit/output/client/[22m[32m_app/immutable/assets/montserrat-latin-500-normal.Dok2oTci.woff          [39m[1m[2m20.61 kB[22m[1m[22m
[2m.svelte-kit/output/client/[22m[32m_app/immutable/assets/montserrat-latin-400-normal.xItZbAXg.woff          [39m[1m[2m20.65 kB[22m[1m[22m
[2m.svelte-kit/output/client/[22m[32m_app/immutable/assets/montserrat-latin-700-normal.BWkrl476.woff          [39m[1m[2m20.67 kB[22m[1m[22m
[2m.svelte-kit/output/client/[22m[32m_app/immutable/assets/montserrat-latin-ext-400-normal.B8bwfy6Y.woff2     [39m[1m[2m32.27 kB[22m[1m[22m
[2m.svelte-kit/output/client/[22m[32m_app/immutable/assets/montserrat-latin-ext-500-normal.BKtbrd6n.woff2     [39m[1m[2m32.29 kB[22m[1m[22m
[2m.svelte-kit/output/client/[22m[32m_app/immutable/assets/montserrat-latin-ext-600-normal.DSkTqI9L.woff2     [39m[1m[2m33.19 kB[22m[1m[22m
[2m.svelte-kit/output/client/[22m[32m_app/immutable/assets/montserrat-latin-ext-700-normal.BOP2Nhf0.woff2     [39m[1m[2m33.53 kB[22m[1m[22m
[2m.svelte-kit/output/client/[22m[32m_app/immutable/assets/montserrat-latin-ext-400-normal.BffdBkAA.woff      [39m[1m[2m40.37 kB[22m[1m[22m
[2m.svelte-kit/output/client/[22m[32m_app/immutable/assets/montserrat-latin-ext-500-normal.DWPqqZgs.woff      [39m[1m[2m40.39 kB[22m[1m[22m
[2m.svelte-kit/output/client/[22m[32m_app/immutable/assets/montserrat-latin-ext-600-normal.CSDhkhgS.woff      [39m[1m[2m41.04 kB[22m[1m[22m
[2m.svelte-kit/output/client/[22m[32m_app/immutable/assets/montserrat-latin-ext-700-normal.DdDFr05Z.woff      [39m[1m[2m41.34 kB[22m[1m[22m
[2m.svelte-kit/output/client/[22m[35m_app/immutable/assets/0.CBbqU96n.css                                     [39m[1m[2m14.22 kB[22m[1m[22m[2m Γöé gzip:  3.23 kB[22m
[2m.svelte-kit/output/client/[22m[35m_app/immutable/assets/2.BbVdNWd9.css                                     [39m[1m[2m17.78 kB[22m[1m[22m[2m Γöé gzip:  3.51 kB[22m
[2m.svelte-kit/output/client/[22m[36m_app/immutable/entry/start.CCuaRRRy.js                                   [39m[1m[2m 0.08 kB[22m[1m[22m[2m Γöé gzip:  0.09 kB[22m
[2m.svelte-kit/output/client/[22m[36m_app/immutable/chunks/3nzluiaH.js                                        [39m[1m[2m 0.53 kB[22m[1m[22m[2m Γöé gzip:  0.34 kB[22m
[2m.svelte-kit/output/client/[22m[36m_app/immutable/nodes/1.CDN5hjKy.js                                       [39m[1m[2m 0.56 kB[22m[1m[22m[2m Γöé gzip:  0.35 kB[22m
[2m.svelte-kit/output/client/[22m[36m_app/immutable/chunks/CGbABt4V.js                                        [39m[1m[2m 1.47 kB[22m[1m[22m[2m Γöé gzip:  0.79 kB[22m
[2m.svelte-kit/output/client/[22m[36m_app/immutable/nodes/0.BENhasy1.js                                       [39m[1m[2m 1.67 kB[22m[1m[22m[2m Γöé gzip:  0.94 kB[22m
[2m.svelte-kit/output/client/[22m[36m_app/immutable/chunks/hEHZSbLw.js                                        [39m[1m[2m 1.80 kB[22m[1m[22m[2m Γöé gzip:  0.84 kB[22m
[2m.svelte-kit/output/client/[22m[36m_app/immutable/chunks/DOnSsebi.js                                        [39m[1m[2m 2.48 kB[22m[1m[22m[2m Γöé gzip:  1.11 kB[22m
[2m.svelte-kit/output/client/[22m[36m_app/immutable/chunks/C5p9SVBo.js                                        [39m[1m[2m 2.81 kB[22m[1m[22m[2m Γöé gzip:  1.39 kB[22m
[2m.svelte-kit/output/client/[22m[36m_app/immutable/entry/app.BHCguRu2.js                                     [39m[1m[2m 6.06 kB[22m[1m[22m[2m Γöé gzip:  2.84 kB[22m
[2m.svelte-kit/output/client/[22m[36m_app/immutable/chunks/DVEXDYhK.js                                        [39m[1m[2m 7.14 kB[22m[1m[22m[2m Γöé gzip:  3.24 kB[22m
[2m.svelte-kit/output/client/[22m[36m_app/immutable/chunks/C1UJstdb.js                                        [39m[1m[2m25.92 kB[22m[1m[22m[2m Γöé gzip: 10.17 kB[22m
[2m.svelte-kit/output/client/[22m[36m_app/immutable/chunks/BQybsQ2Z.js                                        [39m[1m[2m26.14 kB[22m[1m[22m[2m Γöé gzip: 10.26 kB[22m
[2m.svelte-kit/output/client/[22m[36m_app/immutable/nodes/2.BDd3_OsJ.js                                       [39m[1m[2m39.69 kB[22m[1m[22m[2m Γöé gzip: 13.84 kB[22m
[32mΓ£ô built in 14.87s[39m
[2m.svelte-kit/output/server/[22m[32m_app/immutable/assets/montserrat-vietnamese-500-normal.DpeZlV_K.woff     [39m[1m[2m  7.25 kB[22m[1m[22m
[2m.svelte-kit/output/server/[22m[32m_app/immutable/assets/montserrat-vietnamese-400-normal.BeEscFYY.woff     [39m[1m[2m  7.27 kB[22m[1m[22m
[2m.svelte-kit/output/server/[22m[32m_app/immutable/assets/montserrat-vietnamese-600-normal.SJ-HTWuM.woff     [39m[1m[2m  7.30 kB[22m[1m[22m
[2m.svelte-kit/output/server/[22m[32m_app/immutable/assets/montserrat-vietnamese-700-normal.DnwGT2D9.woff     [39m[1m[2m  7.30 kB[22m[1m[22m
[2m.svelte-kit/output/server/[22m[32m_app/immutable/assets/montserrat-vietnamese-500-normal.NT-t8RG1.woff2    [39m[1m[2m  7.87 kB[22m[1m[22m
[2m.svelte-kit/output/server/[22m[32m_app/immutable/assets/montserrat-vietnamese-400-normal.D4oHqQTd.woff2    [39m[1m[2m  7.90 kB[22m[1m[22m
[2m.svelte-kit/output/server/[22m[32m_app/immutable/assets/montserrat-vietnamese-600-normal.DKe6qT_E.woff2    [39m[1m[2m  7.90 kB[22m[1m[22m
[2m.svelte-kit/output/server/[22m[32m_app/immutable/assets/montserrat-vietnamese-700-normal.C0x1De3p.woff2    [39m[1m[2m  7.90 kB[22m[1m[22m
[2m.svelte-kit/output/server/[22m[32m_app/immutable/assets/montserrat-cyrillic-400-normal.jEs4Tk-Z.woff       [39m[1m[2m 10.91 kB[22m[1m[22m
[2m.svelte-kit/output/server/[22m[32m_app/immutable/assets/montserrat-cyrillic-700-normal.BvLYcGP1.woff       [39m[1m[2m 10.93 kB[22m[1m[22m
[2m.svelte-kit/output/server/[22m[32m_app/immutable/assets/montserrat-cyrillic-600-normal.DUglwBrH.woff       [39m[1m[2m 10.98 kB[22m[1m[22m
[2m.svelte-kit/output/server/[22m[32m_app/immutable/assets/montserrat-cyrillic-400-normal.BPq32Q8K.woff2      [39m[1m[2m 10.98 kB[22m[1m[22m
[2m.svelte-kit/output/server/[22m[32m_app/immutable/assets/montserrat-cyrillic-500-normal.CyGtXmN9.woff       [39m[1m[2m 10.99 kB[22m[1m[22m
[2m.svelte-kit/output/server/[22m[32m_app/immutable/assets/montserrat-cyrillic-600-normal.CQEPC0hM.woff2      [39m[1m[2m 11.12 kB[22m[1m[22m
[2m.svelte-kit/output/server/[22m[32m_app/immutable/assets/montserrat-cyrillic-500-normal.T0SG181k.woff2      [39m[1m[2m 11.13 kB[22m[1m[22m
[2m.svelte-kit/output/server/[22m[32m_app/immutable/assets/montserrat-cyrillic-700-normal.D-Pqjtdp.woff2      [39m[1m[2m 11.16 kB[22m[1m[22m
[2m.svelte-kit/output/server/[22m[32m_app/immutable/assets/montserrat-cyrillic-ext-400-normal.Xqov12YL.woff2  [39m[1m[2m 11.94 kB[22m[1m[22m
[2m.svelte-kit/output/server/[22m[32m_app/immutable/assets/montserrat-cyrillic-ext-500-normal.11xBT7e1.woff2  [39m[1m[2m 11.96 kB[22m[1m[22m
[2m.svelte-kit/output/server/[22m[32m_app/immutable/assets/montserrat-cyrillic-ext-500-normal.DOzfAZ45.woff   [39m[1m[2m 12.06 kB[22m[1m[22m
[2m.svelte-kit/output/server/[22m[32m_app/immutable/assets/montserrat-cyrillic-ext-600-normal.BtBW-rpm.woff2  [39m[1m[2m 12.06 kB[22m[1m[22m
[2m.svelte-kit/output/server/[22m[32m_app/immutable/assets/montserrat-cyrillic-ext-700-normal.MyDreaeu.woff2  [39m[1m[2m 12.06 kB[22m[1m[22m
[2m.svelte-kit/output/server/[22m[32m_app/immutable/assets/montserrat-cyrillic-ext-700-normal.D-Mk2xRJ.woff   [39m[1m[2m 12.08 kB[22m[1m[22m
[2m.svelte-kit/output/server/[22m[32m_app/immutable/assets/montserrat-cyrillic-ext-600-normal.wReYPmz2.woff   [39m[1m[2m 12.08 kB[22m[1m[22m
[2m.svelte-kit/output/server/[22m[32m_app/immutable/assets/montserrat-cyrillic-ext-400-normal.DRPPeomZ.woff   [39m[1m[2m 12.09 kB[22m[1m[22m
[2m.svelte-kit/output/server/[22m[32m.vite/manifest.json                                                      [39m[1m[2m 16.83 kB[22m[1m[22m
[2m.svelte-kit/output/server/[22m[32m_app/immutable/assets/montserrat-latin-600-normal.UVxSCcoG.woff2         [39m[1m[2m 18.69 kB[22m[1m[22m
[2m.svelte-kit/output/server/[22m[32m_app/immutable/assets/montserrat-latin-500-normal.DRFEGfly.woff2         [39m[1m[2m 18.75 kB[22m[1m[22m
[2m.svelte-kit/output/server/[22m[32m_app/immutable/assets/montserrat-latin-400-normal.BLhwKU8k.woff2         [39m[1m[2m 18.78 kB[22m[1m[22m
[2m.svelte-kit/output/server/[22m[32m_app/immutable/assets/montserrat-latin-700-normal.BdjcYUrC.woff2         [39m[1m[2m 18.82 kB[22m[1m[22m
[2m.svelte-kit/output/server/[22m[32m_app/immutable/assets/montserrat-latin-600-normal.CdhFl4lI.woff          [39m[1m[2m 20.55 kB[22m[1m[22m
[2m.svelte-kit/output/server/[22m[32m_app/immutable/assets/montserrat-latin-500-normal.Dok2oTci.woff          [39m[1m[2m 20.61 kB[22m[1m[22m
[2m.svelte-kit/output/server/[22m[32m_app/immutable/assets/montserrat-latin-400-normal.xItZbAXg.woff          [39m[1m[2m 20.65 kB[22m[1m[22m
[2m.svelte-kit/output/server/[22m[32m_app/immutable/assets/montserrat-latin-700-normal.BWkrl476.woff          [39m[1m[2m 20.67 kB[22m[1m[22m
[2m.svelte-kit/output/server/[22m[32m_app/immutable/assets/montserrat-latin-ext-400-normal.B8bwfy6Y.woff2     [39m[1m[2m 32.27 kB[22m[1m[22m
[2m.svelte-kit/output/server/[22m[32m_app/immutable/assets/montserrat-latin-ext-500-normal.BKtbrd6n.woff2     [39m[1m[2m 32.29 kB[22m[1m[22m
[2m.svelte-kit/output/server/[22m[32m_app/immutable/assets/montserrat-latin-ext-600-normal.DSkTqI9L.woff2     [39m[1m[2m 33.19 kB[22m[1m[22m
[2m.svelte-kit/output/server/[22m[32m_app/immutable/assets/montserrat-latin-ext-700-normal.BOP2Nhf0.woff2     [39m[1m[2m 33.53 kB[22m[1m[22m
[2m.svelte-kit/output/server/[22m[32m_app/immutable/assets/montserrat-latin-ext-400-normal.BffdBkAA.woff      [39m[1m[2m 40.37 kB[22m[1m[22m
[2m.svelte-kit/output/server/[22m[32m_app/immutable/assets/montserrat-latin-ext-500-normal.DWPqqZgs.woff      [39m[1m[2m 40.39 kB[22m[1m[22m
[2m.svelte-kit/output/server/[22m[32m_app/immutable/assets/montserrat-latin-ext-600-normal.CSDhkhgS.woff      [39m[1m[2m 41.04 kB[22m[1m[22m
[2m.svelte-kit/output/server/[22m[32m_app/immutable/assets/montserrat-latin-ext-700-normal.DdDFr05Z.woff      [39m[1m[2m 41.34 kB[22m[1m[22m
[2m.svelte-kit/output/server/[22m[35m_app/immutable/assets/_layout.D7RaCA2O.css                               [39m[1m[2m 15.06 kB[22m[1m[22m
[2m.svelte-kit/output/server/[22m[35m_app/immutable/assets/_page.CXBMWeOU.css                                 [39m[1m[2m 17.70 kB[22m[1m[22m
[2m.svelte-kit/output/server/[22m[36mchunks/false.js                                                          [39m[1m[2m  0.05 kB[22m[1m[22m
[2m.svelte-kit/output/server/[22m[36minternal.js                                                              [39m[1m[2m  0.35 kB[22m[1m[22m
[2m.svelte-kit/output/server/[22m[36mchunks/environment.js                                                    [39m[1m[2m  0.62 kB[22m[1m[22m
[2m.svelte-kit/output/server/[22m[36mchunks/theme.js                                                          [39m[1m[2m  0.80 kB[22m[1m[22m
[2m.svelte-kit/output/server/[22m[36mchunks/utils.js                                                          [39m[1m[2m  1.15 kB[22m[1m[22m
[2m.svelte-kit/output/server/[22m[36mentries/pages/_layout.svelte.js                                          [39m[1m[2m  1.29 kB[22m[1m[22m
[2m.svelte-kit/output/server/[22m[36mentries/fallbacks/error.svelte.js                                        [39m[1m[2m  1.41 kB[22m[1m[22m
[2m.svelte-kit/output/server/[22m[36mchunks/index.js                                                          [39m[1m[2m  1.41 kB[22m[1m[22m
[2m.svelte-kit/output/server/[22m[36mchunks/internal.js                                                       [39m[1m[2m  3.25 kB[22m[1m[22m
[2m.svelte-kit/output/server/[22m[36mchunks/exports.js                                                        [39m[1m[2m  5.59 kB[22m[1m[22m
[2m.svelte-kit/output/server/[22m[36mremote-entry.js                                                          [39m[1m[2m 19.03 kB[22m[1m[22m
[2m.svelte-kit/output/server/[22m[36mchunks/shared.js                                                         [39m[1m[2m 27.07 kB[22m[1m[22m
[2m.svelte-kit/output/server/[22m[36mchunks/root.js                                                           [39m[1m[2m 27.92 kB[22m[1m[22m
[2m.svelte-kit/output/server/[22m[36mentries/pages/_page.svelte.js                                            [39m[1m[2m 49.06 kB[22m[1m[22m
[2m.svelte-kit/output/server/[22m[36mchunks/index2.js                                                         [39m[1m[2m 96.36 kB[22m[1m[22m
[2m.svelte-kit/output/server/[22m[36mindex.js                                                                 [39m[1m[2m125.79 kB[22m[1m[22m
[32mΓ£ô built in 33.90s[39m

Run npm run preview to preview your production build locally.

> Using @sveltejs/adapter-auto
  Could not detect a supported production environment. See https://svelte.dev/docs/kit/adapters to learn how to configure your app to run on the platform of your choosing
  Γ£ö done
